stdout:
b'Keysight Technologies,N9000B,MY60251535,A.32.01\n'
Successfully sent setpoint 768.708843 THz to laser 390!
Successfully sent setpoint 709.076740 THz to laser 422!
[MCP] Applying MCP Voltage: 400.000, 2400.000, 2600.000

****************************************************************************************************
* Starting new scan
****************************************************************************************************

Scanning parameter tickle_frequency: 51.0 (1/77)
Laser error (Laser frequency of 422 is off, please fix it manually!)


stderr:
Traceback (most recent call last):
  File "/home/electrons/software/Electrons_Artiq_Sequences/artiq-master/repository/Modular/single_parameter_scan.py", line 48, in run
    try: measure(self, ind, validate_422=validate_422)
  File "/home/electrons/software/Electrons_Artiq_Sequences/artiq-master/repository/helper_functions/run_functions.py", line 36, in measure
    raise LaserError(422)
run_functions.LaserError: Laser frequency of 422 is off, please fix it manually!

The above exception was the direct cause of the following exception:

Traceback (most recent call last):
  File "/nix/store/vpkbabjwkqf8g9l1k6w1d838amsq15z4-python3.8-artiq-6.7621.d9b01ed8/bin/.artiq_run-wrapped", line 9, in <module>
    sys.exit(main())
  File "/home/electrons/.nix-profile/lib/python3.8/site-packages/artiq/frontend/artiq_run.py", line 224, in main
    return run(with_file=True)
  File "/home/electrons/.nix-profile/lib/python3.8/site-packages/artiq/frontend/artiq_run.py", line 210, in run
    raise exn
  File "/home/electrons/.nix-profile/lib/python3.8/site-packages/artiq/frontend/artiq_run.py", line 203, in run
    exp_inst.run()
  File "/home/electrons/software/Electrons_Artiq_Sequences/artiq-master/repository/Modular/single_parameter_scan.py", line 76, in run
    raise RuntimeError(f"LASER_OFF_{int(e.laser_id)}") from e
RuntimeError: LASER_OFF_422
